// Jest Snapshot v1, https://goo.gl/fbAQLP

exports[`persist 1`] = `
{
  "resume": {
    "f": [
      [
        "running",
        {
          "$": "Set",
          "l": [
            {
              "r": 0,
            },
            {
              "r": 2,
            },
          ],
        },
      ],
      [
        "resume",
        {
          "r": 2,
        },
      ],
    ],
    "x": [
      {
        "$": "Async",
        "f": [
          [
            "dest",
            [],
          ],
          [
            "state",
            0,
          ],
          [
            "value",
            {
              "$": "undefined",
            },
          ],
          [
            "$",
            {},
          ],
          [
            "$await",
            {
              "r": 1,
            },
          ],
          [
            "$step",
            7,
          ],
          [
            "cont",
            {
              "$": "Residual",
              "f": [
                [
                  "dest",
                  [
                    {
                      "$": "persistExit",
                    },
                  ],
                ],
                [
                  "parent",
                  {
                    "r": 0,
                  },
                ],
                [
                  "state",
                  0,
                ],
              ],
            },
          ],
          [
            "$last",
            6,
          ],
          [
            "_i",
            "hi",
          ],
        ],
      },
      {
        "$": "Residual",
        "f": [
          [
            "dest",
            [
              {
                "r": 0,
              },
            ],
          ],
          [
            "parent",
            {
              "r": 2,
            },
          ],
          [
            "state",
            0,
          ],
        ],
      },
      {
        "$": "save",
        "f": [
          [
            "dest",
            [],
          ],
          [
            "state",
            0,
          ],
          [
            "value",
            {
              "$": "undefined",
            },
          ],
          [
            "$",
            {},
          ],
          [
            "$await",
            {
              "$": "Idle",
            },
          ],
          [
            "$step",
            6,
          ],
          [
            "cont",
            {
              "r": 1,
            },
          ],
          [
            "$last",
            6,
          ],
          [
            "$arg",
            {
              "$": "undefined",
            },
          ],
        ],
      },
    ],
  },
}
`;

exports[`persist 2`] = `"there"`;
