// Jest Snapshot v1, https://goo.gl/fbAQLP

exports[`saveLocal 1`] = `
{
  "f": [
    [
      "type",
      "FLUSH",
    ],
  ],
}
`;

exports[`saveLocal 2`] = `
[
  [
    "counters",
    {
      "resume": {
        "f": [
          [
            "running",
            {
              "$": "Set",
              "l": [
                {
                  "r": 2,
                },
                {
                  "r": 1,
                },
                {
                  "r": 4,
                },
                {
                  "r": 6,
                },
              ],
            },
          ],
          [
            "resume",
            {
              "r": 6,
            },
          ],
        ],
        "x": [
          {
            "f": [
              [
                "type",
                "FLUSH",
              ],
            ],
          },
          {
            "$": "_data",
            "f": [
              [
                "queue",
                [],
              ],
              [
                "$await",
                null,
              ],
              [
                "$",
                {},
              ],
              [
                "$step",
                6,
              ],
              [
                "$last",
                5,
              ],
              [
                "$arg",
                {
                  "$": "undefined",
                },
              ],
            ],
          },
          {
            "$": "Async",
            "f": [
              [
                "dest",
                [],
              ],
              [
                "state",
                0,
              ],
              [
                "value",
                {
                  "$": "undefined",
                },
              ],
              [
                "$",
                {},
              ],
              [
                "$await",
                {
                  "r": 3,
                },
              ],
              [
                "_f",
                {
                  "f": [
                    [
                      "_data",
                      {
                        "$": "saveLocalIter",
                      },
                    ],
                  ],
                },
              ],
              [
                "$step",
                8,
              ],
              [
                "cont",
                {
                  "$": "Residual",
                  "f": [
                    [
                      "dest",
                      [
                        {
                          "$": "saveLocalExit",
                        },
                      ],
                    ],
                    [
                      "parent",
                      {
                        "r": 2,
                      },
                    ],
                    [
                      "state",
                      0,
                    ],
                  ],
                },
              ],
              [
                "$last",
                7,
              ],
              [
                "_loop",
                {
                  "r": 4,
                },
              ],
              [
                "$arg",
                {
                  "$": "undefined",
                },
              ],
              [
                "_i",
                {
                  "r": 0,
                },
              ],
            ],
          },
          {
            "$": "Residual",
            "f": [
              [
                "dest",
                [
                  {
                    "r": 2,
                  },
                ],
              ],
              [
                "parent",
                null,
              ],
              [
                "state",
                0,
              ],
            ],
          },
          {
            "$": "saveLocal",
            "f": [
              [
                "queue",
                [
                  {
                    "r": 3,
                  },
                ],
              ],
              [
                "$await",
                {
                  "r": 5,
                },
              ],
              [
                "$",
                {},
              ],
              [
                "_input",
                null,
              ],
              [
                "$step",
                13,
              ],
              [
                "$last",
                12,
              ],
              [
                "$arg",
                {
                  "$": "undefined",
                },
              ],
              [
                "_loop",
                {
                  "r": 1,
                },
              ],
              [
                "_i",
                {
                  "r": 0,
                },
              ],
            ],
          },
          {
            "$": "Residual",
            "f": [
              [
                "dest",
                [
                  {
                    "r": 4,
                  },
                ],
              ],
              [
                "parent",
                {
                  "r": 6,
                },
              ],
              [
                "state",
                0,
              ],
            ],
          },
          {
            "$": "save",
            "f": [
              [
                "dest",
                [],
              ],
              [
                "state",
                0,
              ],
              [
                "value",
                {
                  "$": "undefined",
                },
              ],
              [
                "$",
                {},
              ],
              [
                "$await",
                {
                  "$": "Idle",
                },
              ],
              [
                "$step",
                6,
              ],
              [
                "cont",
                {
                  "r": 5,
                },
              ],
              [
                "$last",
                6,
              ],
              [
                "$arg",
                {
                  "$": "undefined",
                },
              ],
            ],
          },
        ],
      },
    },
  ],
]
`;
