// Jest Snapshot v1, https://goo.gl/fbAQLP

exports[`undoRedo 1`] = `
{
  "f": [
    [
      "type",
      "MENU_ITEM",
    ],
    [
      "index",
      200,
    ],
    [
      "value",
      {
        "$": "ReactElement",
        "children": [
          {
            "$": "ReactElement",
            "children": [
              "Undo",
            ],
            "props": {
              "f": [
                [
                  "onClick",
                  {
                    "$": "Bind",
                    "f": [
                      [
                        {
                          "$": "#this",
                        },
                        null,
                      ],
                      [
                        {
                          "$": "#fun",
                        },
                        {
                          "$": "_signal",
                        },
                      ],
                      [
                        {
                          "$": "#args",
                        },
                        [
                          {
                            "$": "undefined",
                          },
                          "UNDO",
                          {
                            "$": "undefined",
                          },
                        ],
                      ],
                    ],
                  },
                ],
                [
                  "children",
                  {
                    "$": "undefined",
                  },
                ],
                [
                  "key",
                  ".0",
                ],
              ],
            },
            "type": "button",
          },
        ],
        "props": {
          "f": [
            [
              "children",
              {
                "$": "undefined",
              },
            ],
          ],
        },
        "type": {
          "$": "Symbol",
          "key": "react.fragment",
        },
      },
    ],
  ],
}
`;

exports[`undoRedo 2`] = `
{
  "f": [
    [
      "type",
      "VALUE",
    ],
    [
      "value",
      1,
    ],
  ],
}
`;

exports[`undoRedo 3`] = `
{
  "f": [
    [
      "type",
      "MENU_ITEM",
    ],
    [
      "index",
      200,
    ],
    [
      "value",
      {
        "$": "ReactElement",
        "children": [
          {
            "$": "ReactElement",
            "children": [
              "Undo",
            ],
            "props": {
              "f": [
                [
                  "onClick",
                  {
                    "$": "Bind",
                    "f": [
                      [
                        {
                          "$": "#this",
                        },
                        null,
                      ],
                      [
                        {
                          "$": "#fun",
                        },
                        {
                          "$": "_signal",
                        },
                      ],
                      [
                        {
                          "$": "#args",
                        },
                        [
                          {
                            "$": "undefined",
                          },
                          "UNDO",
                          {
                            "$": "undefined",
                          },
                        ],
                      ],
                    ],
                  },
                ],
                [
                  "children",
                  {
                    "$": "undefined",
                  },
                ],
                [
                  "key",
                  ".0",
                ],
              ],
            },
            "type": "button",
          },
        ],
        "props": {
          "f": [
            [
              "children",
              {
                "$": "undefined",
              },
            ],
          ],
        },
        "type": {
          "$": "Symbol",
          "key": "react.fragment",
        },
      },
    ],
  ],
}
`;

exports[`undoRedo 4`] = `
{
  "f": [
    [
      "type",
      "VALUE",
    ],
    [
      "value",
      2,
    ],
  ],
}
`;

exports[`undoRedo 5`] = `
{
  "f": [
    [
      "type",
      "MENU_ITEM",
    ],
    [
      "index",
      200,
    ],
    [
      "value",
      {
        "$": "ReactElement",
        "children": [
          {
            "$": "ReactElement",
            "children": [
              "Undo",
            ],
            "props": {
              "f": [
                [
                  "onClick",
                  {
                    "$": "Bind",
                    "f": [
                      [
                        {
                          "$": "#this",
                        },
                        null,
                      ],
                      [
                        {
                          "$": "#fun",
                        },
                        {
                          "$": "_signal",
                        },
                      ],
                      [
                        {
                          "$": "#args",
                        },
                        [
                          {
                            "$": "undefined",
                          },
                          "UNDO",
                          {
                            "$": "undefined",
                          },
                        ],
                      ],
                    ],
                  },
                ],
                [
                  "children",
                  {
                    "$": "undefined",
                  },
                ],
                [
                  "key",
                  ".0",
                ],
              ],
            },
            "type": "button",
          },
        ],
        "props": {
          "f": [
            [
              "children",
              {
                "$": "undefined",
              },
            ],
          ],
        },
        "type": {
          "$": "Symbol",
          "key": "react.fragment",
        },
      },
    ],
  ],
}
`;

exports[`undoRedo 6`] = `
{
  "f": [
    [
      "type",
      "VALUE",
    ],
    [
      "value",
      3,
    ],
  ],
}
`;

exports[`undoRedo 7`] = `
{
  "f": [
    [
      "type",
      "MENU_ITEM",
    ],
    [
      "index",
      200,
    ],
    [
      "value",
      {
        "$": "ReactElement",
        "children": [
          {
            "$": "ReactElement",
            "children": [
              "Undo",
            ],
            "props": {
              "f": [
                [
                  "onClick",
                  {
                    "$": "Bind",
                    "f": [
                      [
                        {
                          "$": "#this",
                        },
                        null,
                      ],
                      [
                        {
                          "$": "#fun",
                        },
                        {
                          "r": 0,
                        },
                      ],
                      [
                        {
                          "$": "#args",
                        },
                        [
                          {
                            "$": "undefined",
                          },
                          "UNDO",
                          {
                            "$": "undefined",
                          },
                        ],
                      ],
                    ],
                  },
                ],
                [
                  "children",
                  {
                    "$": "undefined",
                  },
                ],
                [
                  "key",
                  ".0",
                ],
              ],
            },
            "type": "button",
          },
          {
            "$": "ReactElement",
            "children": [
              "Redo",
            ],
            "props": {
              "f": [
                [
                  "onClick",
                  {
                    "$": "Bind",
                    "f": [
                      [
                        {
                          "$": "#this",
                        },
                        null,
                      ],
                      [
                        {
                          "$": "#fun",
                        },
                        {
                          "r": 0,
                        },
                      ],
                      [
                        {
                          "$": "#args",
                        },
                        [
                          {
                            "$": "undefined",
                          },
                          "REDO",
                          {
                            "$": "undefined",
                          },
                        ],
                      ],
                    ],
                  },
                ],
                [
                  "children",
                  {
                    "$": "undefined",
                  },
                ],
                [
                  "key",
                  ".1",
                ],
              ],
            },
            "type": "button",
          },
        ],
        "props": {
          "f": [
            [
              "children",
              {
                "$": "undefined",
              },
            ],
          ],
        },
        "type": {
          "$": "Symbol",
          "key": "react.fragment",
        },
      },
    ],
  ],
  "x": [
    {
      "$": "_signal",
    },
  ],
}
`;

exports[`undoRedo 8`] = `
{
  "f": [
    [
      "type",
      "VALUE",
    ],
    [
      "value",
      2,
    ],
  ],
}
`;

exports[`undoRedo 9`] = `
{
  "f": [
    [
      "type",
      "MENU_ITEM",
    ],
    [
      "index",
      200,
    ],
    [
      "value",
      {
        "$": "ReactElement",
        "children": [
          {
            "$": "ReactElement",
            "children": [
              "Undo",
            ],
            "props": {
              "f": [
                [
                  "onClick",
                  {
                    "$": "Bind",
                    "f": [
                      [
                        {
                          "$": "#this",
                        },
                        null,
                      ],
                      [
                        {
                          "$": "#fun",
                        },
                        {
                          "r": 0,
                        },
                      ],
                      [
                        {
                          "$": "#args",
                        },
                        [
                          {
                            "$": "undefined",
                          },
                          "UNDO",
                          {
                            "$": "undefined",
                          },
                        ],
                      ],
                    ],
                  },
                ],
                [
                  "children",
                  {
                    "$": "undefined",
                  },
                ],
                [
                  "key",
                  ".0",
                ],
              ],
            },
            "type": "button",
          },
          {
            "$": "ReactElement",
            "children": [
              "Redo",
            ],
            "props": {
              "f": [
                [
                  "onClick",
                  {
                    "$": "Bind",
                    "f": [
                      [
                        {
                          "$": "#this",
                        },
                        null,
                      ],
                      [
                        {
                          "$": "#fun",
                        },
                        {
                          "r": 0,
                        },
                      ],
                      [
                        {
                          "$": "#args",
                        },
                        [
                          {
                            "$": "undefined",
                          },
                          "REDO",
                          {
                            "$": "undefined",
                          },
                        ],
                      ],
                    ],
                  },
                ],
                [
                  "children",
                  {
                    "$": "undefined",
                  },
                ],
                [
                  "key",
                  ".1",
                ],
              ],
            },
            "type": "button",
          },
        ],
        "props": {
          "f": [
            [
              "children",
              {
                "$": "undefined",
              },
            ],
          ],
        },
        "type": {
          "$": "Symbol",
          "key": "react.fragment",
        },
      },
    ],
  ],
  "x": [
    {
      "$": "_signal",
    },
  ],
}
`;

exports[`undoRedo 10`] = `
{
  "f": [
    [
      "type",
      "VALUE",
    ],
    [
      "value",
      1,
    ],
  ],
}
`;

exports[`undoRedo 11`] = `
{
  "f": [
    [
      "type",
      "MENU_ITEM",
    ],
    [
      "index",
      200,
    ],
    [
      "value",
      {
        "$": "ReactElement",
        "children": [
          {
            "$": "ReactElement",
            "children": [
              "Undo",
            ],
            "props": {
              "f": [
                [
                  "onClick",
                  {
                    "$": "Bind",
                    "f": [
                      [
                        {
                          "$": "#this",
                        },
                        null,
                      ],
                      [
                        {
                          "$": "#fun",
                        },
                        {
                          "r": 0,
                        },
                      ],
                      [
                        {
                          "$": "#args",
                        },
                        [
                          {
                            "$": "undefined",
                          },
                          "UNDO",
                          {
                            "$": "undefined",
                          },
                        ],
                      ],
                    ],
                  },
                ],
                [
                  "children",
                  {
                    "$": "undefined",
                  },
                ],
                [
                  "key",
                  ".0",
                ],
              ],
            },
            "type": "button",
          },
          {
            "$": "ReactElement",
            "children": [
              "Redo",
            ],
            "props": {
              "f": [
                [
                  "onClick",
                  {
                    "$": "Bind",
                    "f": [
                      [
                        {
                          "$": "#this",
                        },
                        null,
                      ],
                      [
                        {
                          "$": "#fun",
                        },
                        {
                          "r": 0,
                        },
                      ],
                      [
                        {
                          "$": "#args",
                        },
                        [
                          {
                            "$": "undefined",
                          },
                          "REDO",
                          {
                            "$": "undefined",
                          },
                        ],
                      ],
                    ],
                  },
                ],
                [
                  "children",
                  {
                    "$": "undefined",
                  },
                ],
                [
                  "key",
                  ".1",
                ],
              ],
            },
            "type": "button",
          },
        ],
        "props": {
          "f": [
            [
              "children",
              {
                "$": "undefined",
              },
            ],
          ],
        },
        "type": {
          "$": "Symbol",
          "key": "react.fragment",
        },
      },
    ],
  ],
  "x": [
    {
      "$": "_signal",
    },
  ],
}
`;

exports[`undoRedo 12`] = `
{
  "f": [
    [
      "type",
      "VALUE",
    ],
    [
      "value",
      2,
    ],
  ],
}
`;

exports[`undoRedo 13`] = `
{
  "f": [
    [
      "type",
      "MENU_ITEM",
    ],
    [
      "index",
      200,
    ],
    [
      "value",
      {
        "$": "ReactElement",
        "children": [
          {
            "$": "ReactElement",
            "children": [
              "Undo",
            ],
            "props": {
              "f": [
                [
                  "onClick",
                  {
                    "$": "Bind",
                    "f": [
                      [
                        {
                          "$": "#this",
                        },
                        null,
                      ],
                      [
                        {
                          "$": "#fun",
                        },
                        {
                          "$": "_signal",
                        },
                      ],
                      [
                        {
                          "$": "#args",
                        },
                        [
                          {
                            "$": "undefined",
                          },
                          "UNDO",
                          {
                            "$": "undefined",
                          },
                        ],
                      ],
                    ],
                  },
                ],
                [
                  "children",
                  {
                    "$": "undefined",
                  },
                ],
                [
                  "key",
                  ".0",
                ],
              ],
            },
            "type": "button",
          },
        ],
        "props": {
          "f": [
            [
              "children",
              {
                "$": "undefined",
              },
            ],
          ],
        },
        "type": {
          "$": "Symbol",
          "key": "react.fragment",
        },
      },
    ],
  ],
}
`;

exports[`undoRedo 14`] = `
{
  "f": [
    [
      "type",
      "VALUE",
    ],
    [
      "value",
      3,
    ],
  ],
}
`;

exports[`undoRedo 15`] = `
{
  "f": [
    [
      "type",
      "MENU_ITEM",
    ],
    [
      "index",
      200,
    ],
    [
      "value",
      {
        "$": "ReactElement",
        "children": [
          {
            "$": "ReactElement",
            "children": [
              "Undo",
            ],
            "props": {
              "f": [
                [
                  "onClick",
                  {
                    "$": "Bind",
                    "f": [
                      [
                        {
                          "$": "#this",
                        },
                        null,
                      ],
                      [
                        {
                          "$": "#fun",
                        },
                        {
                          "r": 0,
                        },
                      ],
                      [
                        {
                          "$": "#args",
                        },
                        [
                          {
                            "$": "undefined",
                          },
                          "UNDO",
                          {
                            "$": "undefined",
                          },
                        ],
                      ],
                    ],
                  },
                ],
                [
                  "children",
                  {
                    "$": "undefined",
                  },
                ],
                [
                  "key",
                  ".0",
                ],
              ],
            },
            "type": "button",
          },
          {
            "$": "ReactElement",
            "children": [
              "Redo",
            ],
            "props": {
              "f": [
                [
                  "onClick",
                  {
                    "$": "Bind",
                    "f": [
                      [
                        {
                          "$": "#this",
                        },
                        null,
                      ],
                      [
                        {
                          "$": "#fun",
                        },
                        {
                          "r": 0,
                        },
                      ],
                      [
                        {
                          "$": "#args",
                        },
                        [
                          {
                            "$": "undefined",
                          },
                          "REDO",
                          {
                            "$": "undefined",
                          },
                        ],
                      ],
                    ],
                  },
                ],
                [
                  "children",
                  {
                    "$": "undefined",
                  },
                ],
                [
                  "key",
                  ".1",
                ],
              ],
            },
            "type": "button",
          },
        ],
        "props": {
          "f": [
            [
              "children",
              {
                "$": "undefined",
              },
            ],
          ],
        },
        "type": {
          "$": "Symbol",
          "key": "react.fragment",
        },
      },
    ],
  ],
  "x": [
    {
      "$": "_signal",
    },
  ],
}
`;

exports[`undoRedo 16`] = `
{
  "f": [
    [
      "type",
      "VALUE",
    ],
    [
      "value",
      2,
    ],
  ],
}
`;

exports[`undoRedo 17`] = `
{
  "f": [
    [
      "type",
      "MENU_ITEM",
    ],
    [
      "index",
      200,
    ],
    [
      "value",
      {
        "$": "ReactElement",
        "children": [
          {
            "$": "ReactElement",
            "children": [
              "Undo",
            ],
            "props": {
              "f": [
                [
                  "onClick",
                  {
                    "$": "Bind",
                    "f": [
                      [
                        {
                          "$": "#this",
                        },
                        null,
                      ],
                      [
                        {
                          "$": "#fun",
                        },
                        {
                          "$": "_signal",
                        },
                      ],
                      [
                        {
                          "$": "#args",
                        },
                        [
                          {
                            "$": "undefined",
                          },
                          "UNDO",
                          {
                            "$": "undefined",
                          },
                        ],
                      ],
                    ],
                  },
                ],
                [
                  "children",
                  {
                    "$": "undefined",
                  },
                ],
                [
                  "key",
                  ".0",
                ],
              ],
            },
            "type": "button",
          },
        ],
        "props": {
          "f": [
            [
              "children",
              {
                "$": "undefined",
              },
            ],
          ],
        },
        "type": {
          "$": "Symbol",
          "key": "react.fragment",
        },
      },
    ],
  ],
}
`;

exports[`undoRedo 18`] = `
{
  "f": [
    [
      "type",
      "VALUE",
    ],
    [
      "value",
      3,
    ],
  ],
}
`;

exports[`undoRedo 19`] = `
{
  "f": [
    [
      "type",
      "MENU_ITEM",
    ],
    [
      "index",
      200,
    ],
    [
      "value",
      {
        "$": "ReactElement",
        "children": [
          {
            "$": "ReactElement",
            "children": [
              "Undo",
            ],
            "props": {
              "f": [
                [
                  "onClick",
                  {
                    "$": "Bind",
                    "f": [
                      [
                        {
                          "$": "#this",
                        },
                        null,
                      ],
                      [
                        {
                          "$": "#fun",
                        },
                        {
                          "r": 0,
                        },
                      ],
                      [
                        {
                          "$": "#args",
                        },
                        [
                          {
                            "$": "undefined",
                          },
                          "UNDO",
                          {
                            "$": "undefined",
                          },
                        ],
                      ],
                    ],
                  },
                ],
                [
                  "children",
                  {
                    "$": "undefined",
                  },
                ],
                [
                  "key",
                  ".0",
                ],
              ],
            },
            "type": "button",
          },
          {
            "$": "ReactElement",
            "children": [
              "Redo",
            ],
            "props": {
              "f": [
                [
                  "onClick",
                  {
                    "$": "Bind",
                    "f": [
                      [
                        {
                          "$": "#this",
                        },
                        null,
                      ],
                      [
                        {
                          "$": "#fun",
                        },
                        {
                          "r": 0,
                        },
                      ],
                      [
                        {
                          "$": "#args",
                        },
                        [
                          {
                            "$": "undefined",
                          },
                          "REDO",
                          {
                            "$": "undefined",
                          },
                        ],
                      ],
                    ],
                  },
                ],
                [
                  "children",
                  {
                    "$": "undefined",
                  },
                ],
                [
                  "key",
                  ".1",
                ],
              ],
            },
            "type": "button",
          },
        ],
        "props": {
          "f": [
            [
              "children",
              {
                "$": "undefined",
              },
            ],
          ],
        },
        "type": {
          "$": "Symbol",
          "key": "react.fragment",
        },
      },
    ],
  ],
  "x": [
    {
      "$": "_signal",
    },
  ],
}
`;

exports[`undoRedo 20`] = `
{
  "f": [
    [
      "type",
      "VALUE",
    ],
    [
      "value",
      2,
    ],
  ],
}
`;
