// Jest Snapshot v1, https://goo.gl/fbAQLP

exports[`eval tracing 1`] = `
[
  [
    "before eval",
    "g",
    "a",
    "b",
  ],
  [
    "hi",
    "g",
    "a",
    "b",
    {
      "obj": true,
    },
  ],
  [
    "there",
    "g",
    "abg",
    "b",
  ],
  [
    "eval",
    "abgbg",
  ],
  [
    "after eval",
    "g",
    "abg",
    "b",
  ],
  [
    "> eval",
    [
      "g",
      "abg",
      "b",
    ],
  ],
]
`;
