// Jest Snapshot v1, https://goo.gl/fbAQLP

exports[`async functions 1`] = `
[
  [
    "> M:",
    [Function],
  ],
  [
    "ENTER testBlockPar",
  ],
  [
    "S1:1",
  ],
  [
    "T1",
    Promise {
      "_A": null,
      "_x": 0,
      "_y": 1,
      "_z": 1001,
    },
  ],
  [
    "S1:2",
  ],
  [
    "S2:1",
  ],
  [
    "S2:2",
  ],
  [
    "S3:1",
  ],
  [
    "S3:2",
  ],
  [
    "T2",
    1002,
  ],
  [
    "S1:3",
  ],
  [
    "S2:3",
  ],
  [
    "S3:3",
  ],
  [
    "T3",
    1003,
  ],
  [
    "T1A",
    1001,
  ],
  [
    "OK1",
  ],
  [
    "OK2",
    [Error: 1],
  ],
  [
    "EXIT testBlockPar",
  ],
  [
    "R",
    1000,
  ],
]
`;

exports[`async generators functions 1`] = `
[
  [
    "> M:",
    [Function],
  ],
  [
    "Async Generators>",
  ],
  [
    "Async Generators Item:",
    "> async generators level 2",
  ],
  [
    "Async Generators Item:",
    0,
  ],
  [
    "Async Generators Item:",
    1,
  ],
  [
    "Async Generators Item:",
    2,
  ],
  [
    "simple async generator result:",
    4,
  ],
  [
    "Async Generators Item:",
    0,
  ],
  [
    "Async Generators Item:",
    1,
  ],
  [
    "Async Generators Item:",
    2,
  ],
  [
    "Async Generators Item:",
    "simple async generator item:0",
  ],
  [
    "Async Generators Item:",
    "simple async generator item:1",
  ],
  [
    "Async Generators Item:",
    "simple async generator item:2",
  ],
  [
    "level 2 result:",
    "generator result: 4",
  ],
  [
    "Async Generators Item:",
    0,
  ],
  [
    "Async Generators Item:",
    1,
  ],
  [
    "Async Generators Item:",
    2,
  ],
  [
    "simple async generator result:",
    4,
  ],
  [
    "Async Generators Item:",
    0,
  ],
  [
    "Async Generators Item:",
    1,
  ],
  [
    "Async Generators Item:",
    2,
  ],
  [
    "Async Generators Item:",
    "simple async generator item:0",
  ],
  [
    "Async Generators Item:",
    "simple async generator item:1",
  ],
  [
    "Async Generators Item:",
    "simple async generator item:2",
  ],
  [
    "Async Generators Item:",
    "< async generators level 2",
  ],
  [
    "yield* redirect",
    "async redirect 2",
  ],
  [
    "Async Generators Item:",
    0,
  ],
  [
    "Async Generators Item:",
    1,
  ],
  [
    "Async Generators Item:",
    2,
  ],
  [
    "yield* redirect to sync",
    4,
  ],
  [
    "get sync iterator",
  ],
  [
    "custom iterator next:",
    0,
  ],
  [
    "Async Generators Item:",
    0,
  ],
  [
    "custom iterator next:",
    1,
  ],
  [
    "Async Generators Item:",
    1,
  ],
  [
    "custom iterator next:",
    2,
  ],
  [
    "custom async generator",
    2,
  ],
  [
    "get async iterator",
  ],
  [
    "custom async iterator next:",
    0,
  ],
  [
    "Async Generators Item:",
    0,
  ],
  [
    "custom async iterator next:",
    1,
  ],
  [
    "Async Generators Item:",
    1,
  ],
  [
    "custom async iterator next:",
    2,
  ],
  [
    "custom generator",
    2,
  ],
  [
    "yield* empty async generator:",
    "empty",
  ],
  [
    "yield* empty generator:",
    "empty",
  ],
  [
    "Async Generators Result:",
    "variousYieldStarsInAsyncGenerator",
  ],
  [
    "R",
    "Async Generators Resulting Value",
  ],
]
`;

exports[`generator functions 1`] = `
[
  [
    "> M:",
    [Function],
  ],
  [
    "G6",
    "->",
  ],
  [
    "G6",
    0,
  ],
  [
    "G6",
    1,
  ],
  [
    "G6",
    2,
  ],
  [
    "G6",
    "G1",
  ],
  [
    "G6",
    "A:0",
  ],
  [
    "G6",
    "A:1",
  ],
  [
    "G6",
    "A:2",
  ],
  [
    "G6",
    "<-",
  ],
  [
    "G6",
    "->",
  ],
  [
    "G6",
    0,
  ],
  [
    "G6",
    1,
  ],
  [
    "G6",
    2,
  ],
  [
    "G6",
    "G1",
  ],
  [
    "G6",
    "A:0",
  ],
  [
    "G6",
    "A:1",
  ],
  [
    "G6",
    "A:2",
  ],
  [
    "G6",
    "<-",
  ],
]
`;
