// Jest Snapshot v1, https://goo.gl/fbAQLP

exports[`modules tracing 1`] = `
[
  [
    "f1:1@1",
  ],
  [
    "A:",
    A {
      "b": {
        "b": B {
          "i": 100,
        },
        "cnt": 1,
      },
      "i": 11,
    },
  ],
  [
    "f2:1@2",
  ],
  [
    "i:2,j:3",
  ],
  [
    "f1:1@3",
  ],
  [
    "A:",
    A {
      "b": {
        "b": B {
          "i": 100,
        },
        "cnt": 3,
      },
      "i": 33,
    },
  ],
  [
    "f2:3@4",
  ],
  [
    "i:2,j:6",
  ],
  [
    "> M:",
    {
      "__esModule": true,
      "run": [Function],
    },
  ],
  [
    "> M1:",
    {
      "__esModule": true,
      "run": [Function],
    },
  ],
  [
    "> M2:",
    {
      "__esModule": true,
      "f1": [Function],
      "f2": [Function],
    },
  ],
  [
    "f1:1@5",
  ],
  [
    "A:",
    A {
      "b": {
        "b": B {
          "i": 100,
        },
        "cnt": 5,
      },
      "i": 55,
    },
  ],
  [
    "f2:5@6",
  ],
  [
    "i:2,j:9",
  ],
]
`;
